// Jest Snapshot v1, https://goo.gl/fbAQLP

exports[`Greeting renders 1`] = `
<View
  style={
    {
      "alignItems": "center",
      "flex": 1,
      "justifyContent": "center",
      "padding": 16,
    }
  }
>
  <Text
    style={
      {
        "fontSize": 24,
      }
    }
  >
    Hello from library! ðŸ‘‹
  </Text>
</View>
`;
